  Determining projects to restore...
C:\Program Files\dotnet\sdk\10.0.104\Sdks\Microsoft.NET.Sdk\targets\Microsoft.NET.EolTargetFrameworks.targets(32,5): warning NETSDK1138: The target framework 'net6.0' is out of support and will not receive security updates in the future. Please refer to https://aka.ms/dotnet-core-support for more information about the support policy. [C:\WSGTA\universal-or-strategy\benchmarks\SpscRing.Benchmarks.csproj]
C:\Program Files\dotnet\sdk\10.0.104\Sdks\Microsoft.NET.Sdk\targets\Microsoft.NET.EolTargetFrameworks.targets(32,5): warning NETSDK1138: The target framework 'net6.0' is out of support and will not receive security updates in the future. Please refer to https://aka.ms/dotnet-core-support for more information about the support policy. [C:\WSGTA\universal-or-strategy\benchmarks\SpscRing.Benchmarks.csproj]
  Restored C:\WSGTA\universal-or-strategy\benchmarks\SpscRing.Benchmarks.csproj (in 255 ms).
C:\Program Files\dotnet\sdk\10.0.104\Sdks\Microsoft.NET.Sdk\targets\Microsoft.NET.EolTargetFrameworks.targets(32,5): warning NETSDK1138: The target framework 'net6.0' is out of support and will not receive security updates in the future. Please refer to https://aka.ms/dotnet-core-support for more information about the support policy. [C:\WSGTA\universal-or-strategy\benchmarks\SpscRing.Benchmarks.csproj]
C:\WSGTA\universal-or-strategy\benchmarks\StandaloneBench.cs(52,47): error CS0266: Cannot implicitly convert type 'long' to 'ulong'. An explicit conversion exists (are you missing a cast?) [C:\WSGTA\universal-or-strategy\benchmarks\SpscRing.Benchmarks.csproj]
C:\WSGTA\universal-or-strategy\benchmarks\StandaloneBench.cs(62,28): error CS0266: Cannot implicitly convert type 'ulong' to 'long'. An explicit conversion exists (are you missing a cast?) [C:\WSGTA\universal-or-strategy\benchmarks\SpscRing.Benchmarks.csproj]
C:\WSGTA\universal-or-strategy\benchmarks\StandaloneBench.cs(65,17): warning CS0162: Unreachable code detected [C:\WSGTA\universal-or-strategy\benchmarks\SpscRing.Benchmarks.csproj]
C:\WSGTA\universal-or-strategy\benchmarks\StandaloneBench.cs(10,21): warning CA1051: Do not declare visible instance fields (https://learn.microsoft.com/dotnet/fundamentals/code-analysis/quality-rules/ca1051) [C:\WSGTA\universal-or-strategy\benchmarks\SpscRing.Benchmarks.csproj]
C:\WSGTA\universal-or-strategy\benchmarks\StandaloneBench.cs(15,76): warning CA1720: Identifier 'ptr' contains type name (https://learn.microsoft.com/dotnet/fundamentals/code-analysis/quality-rules/ca1720) [C:\WSGTA\universal-or-strategy\benchmarks\SpscRing.Benchmarks.csproj]
C:\WSGTA\universal-or-strategy\benchmarks\StandaloneBench.cs(11,23): warning CA1051: Do not declare visible instance fields (https://learn.microsoft.com/dotnet/fundamentals/code-analysis/quality-rules/ca1051) [C:\WSGTA\universal-or-strategy\benchmarks\SpscRing.Benchmarks.csproj]
C:\WSGTA\universal-or-strategy\benchmarks\StandaloneBench.cs(96,52): warning CA2201: Exception type System.Exception is not sufficiently specific (https://learn.microsoft.com/dotnet/fundamentals/code-analysis/quality-rules/ca2201) [C:\WSGTA\universal-or-strategy\benchmarks\SpscRing.Benchmarks.csproj]
C:\WSGTA\universal-or-strategy\benchmarks\StandaloneBench.cs(97,56): warning CA2201: Exception type System.Exception is not sufficiently specific (https://learn.microsoft.com/dotnet/fundamentals/code-analysis/quality-rules/ca2201) [C:\WSGTA\universal-or-strategy\benchmarks\SpscRing.Benchmarks.csproj]

Build FAILED.

C:\Program Files\dotnet\sdk\10.0.104\Sdks\Microsoft.NET.Sdk\targets\Microsoft.NET.EolTargetFrameworks.targets(32,5): warning NETSDK1138: The target framework 'net6.0' is out of support and will not receive security updates in the future. Please refer to https://aka.ms/dotnet-core-support for more information about the support policy. [C:\WSGTA\universal-or-strategy\benchmarks\SpscRing.Benchmarks.csproj]
C:\Program Files\dotnet\sdk\10.0.104\Sdks\Microsoft.NET.Sdk\targets\Microsoft.NET.EolTargetFrameworks.targets(32,5): warning NETSDK1138: The target framework 'net6.0' is out of support and will not receive security updates in the future. Please refer to https://aka.ms/dotnet-core-support for more information about the support policy. [C:\WSGTA\universal-or-strategy\benchmarks\SpscRing.Benchmarks.csproj]
C:\Program Files\dotnet\sdk\10.0.104\Sdks\Microsoft.NET.Sdk\targets\Microsoft.NET.EolTargetFrameworks.targets(32,5): warning NETSDK1138: The target framework 'net6.0' is out of support and will not receive security updates in the future. Please refer to https://aka.ms/dotnet-core-support for more information about the support policy. [C:\WSGTA\universal-or-strategy\benchmarks\SpscRing.Benchmarks.csproj]
C:\WSGTA\universal-or-strategy\benchmarks\StandaloneBench.cs(65,17): warning CS0162: Unreachable code detected [C:\WSGTA\universal-or-strategy\benchmarks\SpscRing.Benchmarks.csproj]
C:\WSGTA\universal-or-strategy\benchmarks\StandaloneBench.cs(10,21): warning CA1051: Do not declare visible instance fields (https://learn.microsoft.com/dotnet/fundamentals/code-analysis/quality-rules/ca1051) [C:\WSGTA\universal-or-strategy\benchmarks\SpscRing.Benchmarks.csproj]
C:\WSGTA\universal-or-strategy\benchmarks\StandaloneBench.cs(15,76): warning CA1720: Identifier 'ptr' contains type name (https://learn.microsoft.com/dotnet/fundamentals/code-analysis/quality-rules/ca1720) [C:\WSGTA\universal-or-strategy\benchmarks\SpscRing.Benchmarks.csproj]
C:\WSGTA\universal-or-strategy\benchmarks\StandaloneBench.cs(11,23): warning CA1051: Do not declare visible instance fields (https://learn.microsoft.com/dotnet/fundamentals/code-analysis/quality-rules/ca1051) [C:\WSGTA\universal-or-strategy\benchmarks\SpscRing.Benchmarks.csproj]
C:\WSGTA\universal-or-strategy\benchmarks\StandaloneBench.cs(96,52): warning CA2201: Exception type System.Exception is not sufficiently specific (https://learn.microsoft.com/dotnet/fundamentals/code-analysis/quality-rules/ca2201) [C:\WSGTA\universal-or-strategy\benchmarks\SpscRing.Benchmarks.csproj]
C:\WSGTA\universal-or-strategy\benchmarks\StandaloneBench.cs(97,56): warning CA2201: Exception type System.Exception is not sufficiently specific (https://learn.microsoft.com/dotnet/fundamentals/code-analysis/quality-rules/ca2201) [C:\WSGTA\universal-or-strategy\benchmarks\SpscRing.Benchmarks.csproj]
C:\WSGTA\universal-or-strategy\benchmarks\StandaloneBench.cs(52,47): error CS0266: Cannot implicitly convert type 'long' to 'ulong'. An explicit conversion exists (are you missing a cast?) [C:\WSGTA\universal-or-strategy\benchmarks\SpscRing.Benchmarks.csproj]
C:\WSGTA\universal-or-strategy\benchmarks\StandaloneBench.cs(62,28): error CS0266: Cannot implicitly convert type 'ulong' to 'long'. An explicit conversion exists (are you missing a cast?) [C:\WSGTA\universal-or-strategy\benchmarks\SpscRing.Benchmarks.csproj]
    9 Warning(s)
    2 Error(s)

Time Elapsed 00:00:02.15
